// Jest Snapshot v1, https://goo.gl/fbAQLP

exports[`Reducer Should return the initial state 1`] = `
Object {
  "test": "",
}
`;
